6829/68769/6829-68769-0049.wav|LOUISE HOPED FOR EXCELLENT RESULTS FROM THIS ORGANIZATION AND WISHED THE ENTERTAINMENT TO BE SO EFFECTIVE IN WINNING THEIR GOOD WILL THAT THEY WOULD WORK EARNESTLY FOR THE CAUSE IN WHICH THEY WERE ENLISTED|6829/68771/6829-68771-0009.wav|HE DETESTED THE GRASPING DISPOSITION THAT WOULD ENDEAVOR TO TAKE ADVANTAGE OF HIS EVIDENT DESIRE TO HELP YOUNG GATES
7176/92135/7176-92135-0025.wav|THEN IS THE TIME TO INTRODUCE A MEAL ON THE STAGE|7176/92135/7176-92135-0037.wav|IT IS TO LET HAMLET IF THAT HAPPEN TO BE THE NAME OF YOUR CHARACTER ENTER WITH A SMALL DOG PET FALCON MONGOOSE TAME BEAR OR WHATEVER ANIMAL IS MOST IN KEEPING WITH THE PART AND CONFIDE IN THIS ANIMAL SUCH SORROWS HOPES OR SECRET HISTORY AS THE AUDIENCE HAS GOT TO KNOW
121/127105/121-127105-0028.wav|THOUGHT KILLS ME THAT I AM NOT THOUGHT TO LEAP LARGE LENGTHS OF MILES WHEN THOU ART GONE BUT THAT SO MUCH OF EARTH AND WATER WROUGHT I MUST ATTEND TIME'S LEISURE WITH MY MOAN RECEIVING NOUGHT BY ELEMENTS SO SLOW BUT HEAVY TEARS BADGES OF EITHER'S WOE|121/123852/121-123852-0003.wav|THE AWKWARD THING WAS THAT THEY HAD PRACTICALLY NO OTHER RELATIONS AND THAT HIS OWN AFFAIRS TOOK UP ALL HIS TIME
1089/134691/1089-134691-0019.wav|HE TRIED TO THINK HOW IT COULD BE|1089/134686/1089-134686-0014.wav|A VOICE FROM BEYOND THE WORLD WAS CALLING
1580/141084/1580-141084-0012.wav|THE ALTERNATIVE WAS THAT SOMEONE PASSING HAD OBSERVED THE KEY IN THE DOOR HAD KNOWN THAT I WAS OUT AND HAD ENTERED TO LOOK AT THE PAPERS|1580/141083/1580-141083-0009.wav|THE FOUL MOUTHED FELLOW AT THE TOP
4970/29093/4970-29093-0016.wav|THEE STUDY MEDICINE|4970/29095/4970-29095-0010.wav|NO ITS NOT TOO SOON
7176/88083/7176-88083-0005.wav|DOUBLE NINE TWO THREE ELSINORE DOUBLE NINE YES HALLO IS THAT YOU HORATIO HAMLET SPEAKING|7176/92135/7176-92135-0020.wav|ONCE FAIRLY A WING HOWEVER HE WHEELED AND MADE BACK HURRIEDLY FOR HIS PERCH
2094/142345/2094-142345-0055.wav|COLD IS IT MY DARLING BLESS YOUR SWEET FACE|2094/142345/2094-142345-0025.wav|BUT YOU KNOW MORE ABOUT THAT THAN I DO SIR
7729/102255/7729-102255-0017.wav|IN THIS INCIDENT CONTRASTING THE CREATIVE AND THE DESTRUCTIVE SPIRIT OF THE FACTIONS THE EMIGRANT AID SOCIETY OF MASSACHUSETTS FINDS ITS MOST HONORABLE AND TRIUMPHANT VINDICATION|7729/102255/7729-102255-0040.wav|SHERIFF JONES HAD HIS POCKETS ALWAYS FULL OF WRITS ISSUED IN THE SPIRIT OF PERSECUTION BUT WAS OFTEN BAFFLED BY THE SHARP WITS AND READY RESOURCES OF THE FREE STATE PEOPLE AND SOMETIMES DEFIED OUTRIGHT
2830/3980/2830-3980-0010.wav|HE MENTIONS THE APOSTLES FIRST BECAUSE THEY WERE APPOINTED DIRECTLY BY GOD|2830/3980/2830-3980-0013.wav|EITHER HE CALLS MINISTERS THROUGH THE AGENCY OF MEN OR HE CALLS THEM DIRECTLY AS HE CALLED THE PROPHETS AND APOSTLES
121/127105/121-127105-0006.wav|POOR DOUGLAS BEFORE HIS DEATH WHEN IT WAS IN SIGHT COMMITTED TO ME THE MANUSCRIPT THAT REACHED HIM ON THE THIRD OF THESE DAYS AND THAT ON THE SAME SPOT WITH IMMENSE EFFECT HE BEGAN TO READ TO OUR HUSHED LITTLE CIRCLE ON THE NIGHT OF THE FOURTH|121/127105/121-127105-0024.wav|THE OTHERS RESENTED POSTPONEMENT BUT IT WAS JUST HIS SCRUPLES THAT CHARMED ME
