wavs/common_voice_en_550301-common_voice_en_550303.wav|Strong cryptography can prevent a man in the middle to read a conversation.|prompt-wavs/common_voice_en_550301.wav|The weight of the package was seen on the high scale.
wavs/common_voice_en_28894436-common_voice_en_28894442.wav|It hired a new program director and morning show host, Doc Washburn.|prompt-wavs/common_voice_en_28894436.wav|Orithyia was later made into the goddess of cold mountain winds.
wavs/common_voice_en_20661858-common_voice_en_20661861.wav|Soon after the band signed to Century Media Records.|prompt-wavs/common_voice_en_20661858.wav|The world, as the manifestation of eternal order, must itself be immortal.
wavs/common_voice_en_23729047-common_voice_en_23729051.wav|Some flavors are only sold in specific locations, such as tourist spots.|prompt-wavs/common_voice_en_23729047.wav|Anubis plans to destroy Abydos but Daniel appears and demands that Anubis stop.
wavs/common_voice_en_22810002-common_voice_en_22810004.wav|It was quickly settled by Americans from the east, mainly from the Southern states.|prompt-wavs/common_voice_en_22810002.wav|They killed four students and one teacher, and injured ten persons.
wavs/common_voice_en_18998723-common_voice_en_18998722.wav|Historically, Europeans clothing was more delineated between male and female dress.|prompt-wavs/common_voice_en_18998723.wav|In the time trials, the distances were the same for each classification.
wavs/common_voice_en_36069016-common_voice_en_36069015.wav|That year he also began researching a critical biography of Nabokov.|prompt-wavs/common_voice_en_36069016.wav|They were the first known people to have fished for the Arctic char.
wavs/common_voice_en_30665077-common_voice_en_30665078.wav|The sidewalks are narrow and buildings are located close to the property line.|prompt-wavs/common_voice_en_30665077.wav|He has also played and coached at Ole Miss.
wavs/common_voice_en_17263752-common_voice_en_17263750.wav|After the prince had been rescued, he showed evidence of Stockholm syndrome.|prompt-wavs/common_voice_en_17263752.wav|Try to make eye contact with a stranger on the bus, and hold it for five seconds, without speaking.
wavs/common_voice_en_205647-common_voice_en_205649.wav|Many people are traumatized after this sailing accident and need intensive care.|prompt-wavs/common_voice_en_205647.wav|Don't take any chances.
wavs/common_voice_en_19789569-common_voice_en_19789567.wav|The Fisher government passed a large number of its legislation.|prompt-wavs/common_voice_en_19789569.wav|Playing house and pretending to be someone else are examples of this phenomenon.
wavs/common_voice_en_21499767-common_voice_en_21499786.wav|A process assembly represents a process that will use classes defined in library assemblies.|prompt-wavs/common_voice_en_21499767.wav|Marriott was an energetic worker and rarely rested, preferring to run his company.
wavs/common_voice_en_31497532-common_voice_en_31497531.wav|Promotions picked back up again in November of the same year.|prompt-wavs/common_voice_en_31497532.wav|The final line is similar but follows the original pattern.
wavs/common_voice_en_205647-common_voice_en_205649.wav|Many people are traumatized after this sailing accident and need intensive care.|prompt-wavs/common_voice_en_205647.wav|Don't take any chances.
wavs/common_voice_en_19632634-common_voice_en_19632644.wav|The stone is heated in a fire or in embers.|prompt-wavs/common_voice_en_19632634.wav|It then became part of Poland.
wavs/common_voice_en_25319086-common_voice_en_25319087.wav|Luciana Aymar is the only player that has participated and won those four medals.|prompt-wavs/common_voice_en_25319086.wav|On his return to England, he became a successful portrait painter.
wavs/common_voice_en_19540120-common_voice_en_19540122.wav|Activation typically spreads to all the other units connected to it.|prompt-wavs/common_voice_en_19540120.wav|He originally studied architecture at the University of Cape Town.
wavs/common_voice_en_21620052-common_voice_en_21620053.wav|Therefore, the experimental group provided more internal attributions towards the writer.|prompt-wavs/common_voice_en_21620052.wav|At least five species of reptiles have been recorded for the island.
wavs/common_voice_en_22364189-common_voice_en_22364186.wav|Probability distributions are determined by assigning an expectation to each random variable.|prompt-wavs/common_voice_en_22364189.wav|As research continued, the protective effect of fluoride against dental decay was demonstrated.
wavs/common_voice_en_25271639-common_voice_en_25271640.wav|After his firing, Walker returned to the Cardinals as a hitting instructor.|prompt-wavs/common_voice_en_25271639.wav|The important agricultural products are wheat and corn.
wavs/common_voice_en_19981298-common_voice_en_19981297.wav|The spin involves rotating like a discus thrower and using rotational momentum for power.|prompt-wavs/common_voice_en_19981298.wav|She founded the Salt Lake Education Foundation and served as its director.
wavs/common_voice_en_667155-common_voice_en_667154.wav|An hour later, he had before him a chest of Spanish gold coins.|prompt-wavs/common_voice_en_667155.wav|I'm afraid that if my dream is realized, I'll have no reason to go on living.
wavs/common_voice_en_490614-common_voice_en_490618.wav|Then he dropped his spade, picked up his jacket, and came out into the road.|prompt-wavs/common_voice_en_490614.wav|It must have fallen while I was sitting over there.
wavs/common_voice_en_18735317-common_voice_en_18735372.wav|The facade is constructed from white Portland stone and red brick.|prompt-wavs/common_voice_en_18735317.wav|After a routine departure, the airliner experiences sporadic sudden vibrations.
wavs/common_voice_en_17263780-common_voice_en_17263781.wav|Early to bed, early to rise, makes you healthy, wealthy & wise.|prompt-wavs/common_voice_en_17263780.wav|The more you read, the better you will be understood.
wavs/common_voice_en_674100-common_voice_en_674114.wav|We have also started contemplating the possibility of moving back to Colorado.|prompt-wavs/common_voice_en_674100.wav|Revenge is not my style, but obviously accidents will happen.
wavs/common_voice_en_31892400-common_voice_en_31892404.wav|He made it to India but his pregnant wife returned to Rangoon alone.|prompt-wavs/common_voice_en_31892400.wav|It consists of the city of Riga and overseas voters.
wavs/common_voice_en_23176027-common_voice_en_23176029.wav|It is positioned on the boundary between the White and Dark Peak character areas.|prompt-wavs/common_voice_en_23176027.wav|They then applied the defined solarisation curve to real time video images.
wavs/common_voice_en_23639587-common_voice_en_23639589.wav|Other weapons may be more powerful and carry unlimited ammunition as well.|prompt-wavs/common_voice_en_23639587.wav|It produces clusters of clear pink double blossoms.
wavs/common_voice_en_27794266-common_voice_en_27794264.wav|The decision to merge or not is decided using pre-configured policies.|prompt-wavs/common_voice_en_27794266.wav|Don Lash Park in Auburn is named for him.
